[ishvar.tfa.az/index.php/job/german-speaking-team-leader/index.html]
[ishvar.tfa.az/index.php/candidates/index.html]
[ishvar.tfa.az/index.php/jobs/index.html]
[backblue.gif]
[fade.gif]
[index.html]
[ishvar.tfa.az/index.php/candidate/nguyen-tien-dung/index.html]
[ishvar.tfa.az/wp-content/plugins/contact-form-7/includes/css/stylesaead.css]
[ishvar.tfa.az/index.php/employers/index.html]
[ishvar.tfa.az/wp-content/plugins/inwave-common/assets/css/iw-shortcodes5b0a.css]
[ishvar.tfa.az/index.php/blog/index.html]
[ishvar.tfa.az/wp-content/plugins/inwave-common/assets/css/iw-shortcodes-rtl5b0a.css]
[ishvar.tfa.az/wp-content/plugins/inwave-common/assets/css/iw-button5b0a.css]
[ishvar.tfa.az/wp-content/plugins/iwjob/includes/class/fields/assets/css/style37cb.css]
[ishvar.tfa.az/wp-content/plugins/iwjob/assets/css/load37cb.css]
[ishvar.tfa.az/wp-content/plugins/iwjob/assets/css/star-rating37cb.css]
[ishvar.tfa.az/wp-content/plugins/iwjob/assets/css/style37cb.css]
[ishvar.tfa.az/index.php/2017/03/29/top-fun-activities-tips-for-you/index.html]
[ishvar.tfa.az/wp-content/plugins/revslider/public/assets/css/settings8c43.css]
[ishvar.tfa.az/index.php/contact-us/index.html]
[ishvar.tfa.az/wp-content/plugins/woocommerce/assets/css/woocommerce-layoutcd45.css]
[ishvar.tfa.az/wp-content/plugins/woocommerce/assets/css/woocommerce-smallscreencd45.css]
[ishvar.tfa.az/wp-content/plugins/woocommerce/assets/css/woocommercecd45.css]
[ishvar.tfa.az/wp-content/plugins/sitepress-multilingual-cms/templates/language-switchers/legacy-list-horizontal/style68b3.css]
[ishvar.tfa.az/wp-content/plugins/sitepress-multilingual-cms/templates/language-switchers/legacy-post-translations/style68b3.css]
[ishvar.tfa.az/wp-content/plugins/woocommerce/assets/css/prettyPhotocd45.css]
[ishvar.tfa.az/wp-content/plugins/yith-woocommerce-wishlist/assets/css/jquery.selectBox7359.css]
[ishvar.tfa.az/wp-content/plugins/yith-woocommerce-wishlist/assets/css/style605a.css]
[ishvar.tfa.az/wp-content/plugins/yith-woocommerce-wishlist/assets/css/font-awesome.min1849.css]
[ishvar.tfa.az/wp-content/themes/injob/assets/css/bootstrap.min5b0a.css]
[ishvar.tfa.az/wp-content/plugins/js_composer/assets/lib/bower/font-awesome/css/font-awesome.min8b06.css]
[ishvar.tfa.az/wp-content/themes/injob/assets/fonts/ionicons/ionicons.min5b0a.css]
[ishvar.tfa.az/wp-content/themes/injob/assets/fonts/iwj/css/fontello5b0a.css]
[ishvar.tfa.az/wp-content/plugins/woocommerce/assets/css/select2cd45.css]
[ishvar.tfa.az/wp-content/themes/injob/assets/css/woocommerce5b0a.css]
[ishvar.tfa.az/wp-content/themes/injob/assets/css/owl.carousel5b0a.css]
[ishvar.tfa.az/wp-content/themes/injob/assets/css/owl.theme5b0a.css]
[ishvar.tfa.az/wp-content/themes/injob/assets/css/owl.transitions5b0a.css]
[ishvar.tfa.az/wp-content/themes/injob/assets/css/animation5b0a.css]
[ishvar.tfa.az/wp-content/themes/injob/style37cb.css]
[jobboard.inwavethemes.com/wp-content/themes/injob/assets/images/bg-page-heading.jpg]
[ishvar.tfa.az/wp-content/uploads/injob/color-2980b95b0a.css]
[ishvar.tfa.az/wp-content/plugins/js_composer/assets/css/js_composer.min8b06.css]
[ishvar.tfa.az/wp-content/plugins/woocommerce-multilingual/res/js/front-scripts.minb523.js]
[ishvar.tfa.az/wp-includes/js/jquery/jquery-migrate.min330a.js]
[ishvar.tfa.az/wp-content/plugins/woocommerce-multilingual/res/js/cart_widget.minb523.js]
[ishvar.tfa.az/wp-content/plugins/revslider/public/assets/js/jquery.themepunch.revolution.min8c43.js]
[ishvar.tfa.az/wp-includes/js/jquery/jqueryb8ff.js]
[ishvar.tfa.az/wp-content/plugins/woocommerce/assets/js/frontend/add-to-cart.mincd45.js]
[ishvar.tfa.az/wp-content/plugins/js_composer/assets/js/vendors/woocommerce-add-to-cart8b06.js]
[ishvar.tfa.az/wp-content/uploads/2018/04/faveicon-100x100.png]
[ishvar.tfa.az/wp-content/uploads/2018/04/faveicon-300x300.png]
[ishvar.tfa.az/wp-content/plugins/revslider/public/assets/js/jquery.themepunch.tools.min8c43.js]
[jobboard.inwavethemes.com/wp-content/themes/injob/assets/images/logo.png]
[jobboard.inwavethemes.com/wp-content/themes/injob/assets/images/logo-mobile.png]
[ishvar.tfa.az/wp-content/uploads/2017/06/eco-care-logo-2.png]
[ishvar.tfa.az/wp-content/uploads/2017/07/logo5.jpg]
[ishvar.tfa.az/index.php/jobs/indexf398.html]
[ishvar.tfa.az/wp-content/uploads/2017/07/logo1-1.jpg]
[ishvar.tfa.az/index.php/jobs/indexa123.html]
[ishvar.tfa.az/wp-content/uploads/2017/06/eagle-wings-logo.png]
[ishvar.tfa.az/index.php/jobs/indexcc6d.html]
[ishvar.tfa.az/wp-content/uploads/2017/06/unnamed.png]
[ishvar.tfa.az/index.php/jobs/indexbb88.html]
[ishvar.tfa.az/wp-content/uploads/2017/05/Asset-43@4x.png]
[ishvar.tfa.az/index.php/jobs/index715e.html]
[ishvar.tfa.az/wp-content/uploads/2017/09/cat-2.original.png]
[ishvar.tfa.az/index.php/jobs/index8031.html]
[ishvar.tfa.az/wp-content/uploads/2017/06/Group-2-1.png]
[ishvar.tfa.az/wp-content/themes/injob/assets/images/texture/texture-1.png]
[ishvar.tfa.az/index.php/jobs/indexad4e.html]
[ishvar.tfa.az/wp-content/themes/injob/assets/images/texture/texture-2.png]
[ishvar.tfa.az/index.php/jobs/indexf546.html]
[ishvar.tfa.az/wp-content/themes/injob/assets/images/texture/texture-3.png]
[ishvar.tfa.az/wp-content/themes/injob/assets/images/texture/texture-4.png]
[ishvar.tfa.az/index.php/jobs/page/2/index.html]
[ishvar.tfa.az/wp-content/themes/injob/assets/images/texture/texture-5.png]
[ishvar.tfa.az/wp-content/themes/injob/assets/images/texture/texture-6.png]
[ishvar.tfa.az/wp-content/plugins/iwjob/includes/class/fields/assets/css/bootstrap-multiselect37cb.css]
[ishvar.tfa.az/wp-content/plugins/iwjob/includes/class/fields/assets/css/taxonomy237cb.css]
[ishvar.tfa.az/wp-content/plugins/iwjob/includes/class/fields/assets/css/select2f39e.css]
[ishvar.tfa.az/wp-content/plugins/iwjob/includes/class/fields/assets/css/select-advanced37cb.css]
[ishvar.tfa.az/wp-content/plugins/iwjob/includes/class/fields/assets/css/select37cb.css]
[ishvar.tfa.az/index.php/jobs/page/3/index.html]
[ishvar.tfa.az/wp-content/plugins/inwave-common/assets/js/iw-shortcodes5b0a.js]
[ishvar.tfa.az/wp-content/plugins/contact-form-7/includes/js/scriptsaead.js]
[ishvar.tfa.az/wp-includes/js/jquery/ui/core.mine899.js]
[ishvar.tfa.az/wp-includes/js/jquery/ui/widget.mine899.js]
[ishvar.tfa.az/wp-includes/js/jquery/ui/mouse.mine899.js]
[ishvar.tfa.az/wp-includes/js/jquery/ui/sortable.mine899.js]
[ishvar.tfa.az/wp-content/plugins/iwjob/includes/class/fields/assets/js/clone37cb.js]
[ishvar.tfa.az/wp-content/plugins/iwjob/assets/js/script37cb.js]
[ishvar.tfa.az/index.php/jobs/indexebd1.html]
[ishvar.tfa.az/wp-content/plugins/iwjob/assets/js/iwj_serialize_form_json37cb.js]
[ishvar.tfa.az/wp-content/plugins/iwjob/assets/js/iwj_cookie37cb.js]
[ishvar.tfa.az/wp-content/plugins/iwjob/assets/js/iwj_filter_common37cb.js]
[ishvar.tfa.az/wp-content/plugins/iwjob/assets/js/filter_jobs37cb.js]
[ishvar.tfa.az/wp-content/plugins/iwjob/assets/js/filter_candidates37cb.js]
[ishvar.tfa.az/wp-content/plugins/iwjob/assets/js/filter_employers37cb.js]
[ishvar.tfa.az/wp-content/plugins/iwjob/assets/js/show_less_more37cb.js]
[ishvar.tfa.az/wp-content/plugins/iwjob/assets/js/ajax_pagination37cb.js]
[ishvar.tfa.az/wp-content/plugins/iwjob/assets/js/widget_filter_search37cb.js]
[ishvar.tfa.az/wp-content/plugins/iwjob/assets/js/send_ajax_mail_queue37cb.js]
[ishvar.tfa.az/wp-content/plugins/iwjob/assets/js/filter_alpha37cb.js]
[ishvar.tfa.az/wp-content/plugins/iwjob/assets/js/switch_layout37cb.js]
[ishvar.tfa.az/wp-content/plugins/iwjob/assets/js/iwj_filter_box37cb.js]
[ishvar.tfa.az/wp-content/plugins/iwjob/assets/js/jquery.matchHeight37cb.js]
[ishvar.tfa.az/wp-content/plugins/iwjob/assets/fancybox/jquery.fancybox37cb.js]
[ishvar.tfa.az/wp-content/plugins/iwjob/assets/js/star-rating37cb.js]
[ishvar.tfa.az/wp-content/plugins/woocommerce/assets/js/jquery-blockui/jquery.blockUI.min44fd.js]
[ishvar.tfa.az/wp-content/plugins/woocommerce/assets/js/js-cookie/js.cookie.min6b25.js]
[ishvar.tfa.az/wp-content/plugins/woocommerce/assets/js/frontend/woocommerce.mincd45.js]
[ishvar.tfa.az/wp-content/plugins/woocommerce/assets/js/frontend/cart-fragments.mincd45.js]
[ishvar.tfa.az/wp-content/plugins/woocommerce/assets/js/prettyPhoto/jquery.prettyPhoto.min005e.js]
[ishvar.tfa.az/wp-content/plugins/yith-woocommerce-wishlist/assets/js/jquery.selectBox.min7359.js]
[ishvar.tfa.az/wp-content/plugins/yith-woocommerce-wishlist/assets/js/jquery.yith-wcwl605a.js]
[ishvar.tfa.az/wp-content/themes/injob/assets/js/bootstrap.min5b0a.js]
[ishvar.tfa.az/wp-content/themes/injob/assets/js/jquery.fitvids5b0a.js]
[ishvar.tfa.az/wp-content/themes/injob/assets/js/theia-sticky-sidebar5b0a.js]
[ishvar.tfa.az/wp-content/plugins/woocommerce/assets/js/select2/select2.full.minfa0c.js]
[ishvar.tfa.az/wp-content/themes/injob/assets/js/owl.carousel.min5b0a.js]
[ishvar.tfa.az/wp-content/themes/injob/assets/js/jquery.enscroll.min5b0a.js]
[ishvar.tfa.az/wp-content/themes/injob/assets/js/template5b0a.js]
[ishvar.tfa.az/wp-includes/js/jquery/ui/effect.mine899.js]
[ishvar.tfa.az/wp-content/themes/injob/assets/js/panel-settings5b0a.js]
[ishvar.tfa.az/wp-content/themes/injob/assets/js/jquery.navgoco5b0a.js]
[ishvar.tfa.az/wp-content/themes/injob/assets/js/off-canvas5b0a.js]
[ishvar.tfa.az/wp-includes/js/wp-embed.min37cb.js]
[ishvar.tfa.az/wp-content/plugins/js_composer/assets/js/dist/js_composer_front.min8b06.js]
[ishvar.tfa.az/wp-content/themes/injob/assets/js/mailchimp5b0a.js]
[ishvar.tfa.az/wp-content/plugins/iwjob/includes/class/fields/assets/js/bootstrap-multiselect37cb.js]
[ishvar.tfa.az/wp-content/plugins/iwjob/includes/class/fields/assets/js/taxonomy237cb.js]
[ishvar.tfa.az/wp-content/plugins/iwjob/includes/class/fields/assets/js/select37cb.js]
[ishvar.tfa.az/index.php/jobs/index.html]
[ishvar.tfa.az/wp-content/plugins/iwjob/includes/class/fields/assets/js/select-advanced37cb.js]
[ishvar.tfa.az/wp-content/plugins/iwjob/assets/images/map-marker-job.png]
[ishvar.tfa.az/wp-content/plugins/iwjob/includes/class/fields/assets/js/select2.min37cb.js]
[ishvar.tfa.az/wp-content/plugins/iwjob/includes/class/applies/assets/linkedin-apply37cb.css]
[cdn.rawgit.com/googlemaps/v3-utility-library/master/infobox/src/infobox5b0a.js]
[ishvar.tfa.az/index.php/job/german-speaking-team-leader/index.html]
[ishvar.tfa.az/wp-content/plugins/iwjob/includes/class/applies/assets/linkedin-apply37cb.js]
[ishvar.tfa.az/wp-content/uploads/2017/06/40w-1.jpg]
[ishvar.tfa.az/wp-content/uploads/2017/09/member3.jpg]
[ishvar.tfa.az/wp-content/uploads/2017/06/daniel_nguyen-3.jpg]
[ishvar.tfa.az/wp-content/uploads/2017/06/11m-1.jpg]
[ishvar.tfa.az/wp-content/uploads/2017/06/37w-1.jpg]
[ishvar.tfa.az/wp-content/uploads/2017/06/43w-1.jpg]
[ishvar.tfa.az/wp-content/uploads/2017/05/21w-1.jpg]
[ishvar.tfa.az/wp-content/uploads/2017/06/31m-3.jpg]
[ishvar.tfa.az/wp-content/uploads/2017/05/nathan-fertig-67862.jpg]
[ishvar.tfa.az/wp-content/uploads/2017/06/31m-2.jpg]
[ishvar.tfa.az/wp-content/uploads/2017/06/daniel_nguyen-3-100x100.jpg]
[ishvar.tfa.az/index.php/candidates/index.html]
[ishvar.tfa.az/wp-content/uploads/2017/06/daniel_nguyen-3-150x150.jpg]
[ishvar.tfa.az/wp-content/uploads/2017/03/blog-image-7.jpg]
[ishvar.tfa.az/wp-content/uploads/2017/03/blog-image-7-150x75.jpg]
[ishvar.tfa.az/wp-content/uploads/2017/03/blog-image-6.jpg]
[ishvar.tfa.az/wp-content/uploads/2017/03/blog-image-6-150x75.jpg]
[ishvar.tfa.az/wp-content/uploads/2017/03/blog-image-1.jpg]
[ishvar.tfa.az/wp-content/uploads/2017/03/blog-image-1-150x75.jpg]
[ishvar.tfa.az/wp-content/uploads/2017/03/blog-image-5.jpg]
[ishvar.tfa.az/wp-content/uploads/2017/03/blog-image-5-150x75.jpg]
[ishvar.tfa.az/index.php/candidate/nguyen-tien-dung/index.html]
[ishvar.tfa.az/wp-content/uploads/2017/06/cube-logo-1.png]
[ishvar.tfa.az/wp-content/uploads/2017/06/iTunes12-240.png]
[ishvar.tfa.az/wp-content/uploads/2017/05/Vector-Smart-Object-4.png]
[ishvar.tfa.az/wp-content/uploads/2017/05/Vector-Smart-Object-7.png]
[ishvar.tfa.az/wp-content/uploads/2017/05/EVA-Logo.png]
[ishvar.tfa.az/index.php/employers/index.html]
[ishvar.tfa.az/wp-content/uploads/2017/03/blog-image-4.jpg]
[ishvar.tfa.az/wp-content/uploads/2017/04/blog-image-2.jpg]
[ishvar.tfa.az/index.php/employers/page/2/index.html]
[ishvar.tfa.az/wp-content/uploads/2017/04/blog-image-3.jpg]
[ishvar.tfa.az/wp-content/themes/injob/assets/images/search.png]
[ishvar.tfa.az/wp-content/uploads/2017/04/blog-image-2-150x150.jpg]
[ishvar.tfa.az/wp-content/uploads/2017/04/blog-image-3-150x150.jpg]
[ishvar.tfa.az/wp-content/uploads/2017/03/blog-image-4-150x150.jpg]
[ishvar.tfa.az/wp-content/uploads/2017/03/blog-image-5-150x150.jpg]
[ishvar.tfa.az/index.php/blog/index.html]
[ishvar.tfa.az/index.php/2017/03/29/top-fun-activities-tips-for-you/feed/index.html]
[ishvar.az/wp-content/uploads/2017/03/post-image-10-300x249.97.delayed]
[ishvar.tfa.az/index.php/2017/03/29/top-fun-activities-tips-for-you/index.html]
[ishvar.tfa.az/index.php/contact-us/index.html]
[ishvar.tfa.az/wp-content/plugins/inwave-common/assets/js/iw-map5b0a.js]
[ishvar.tfa.az/wp-content/plugins/contact-form-7/images/ajax-loader.gif]
[ishvar.tfa.az/wp-content/plugins/contact-form-7/includes/css/stylesaead.css]
[ishvar.tfa.az/wp-content/plugins/inwave-common/assets/images/bg-info-item4.png]
[ishvar.tfa.az/wp-content/plugins/inwave-common/assets/images/bg-inforbox.jpg]
[ishvar.tfa.az/wp-content/plugins/inwave-common/assets/images/arrow-1.png]
[ishvar.tfa.az/wp-content/plugins/inwave-common/assets/images/arrow-2.png]
[ishvar.tfa.az/wp-content/plugins/inwave-common/assets/css/iw-shortcodes5b0a.css]
[ishvar.tfa.az/wp-content/plugins/inwave-common/assets/css/iw-shortcodes-rtl5b0a.css]
[ishvar.tfa.az/wp-content/plugins/inwave-common/assets/css/iw-button5b0a.css]
[ishvar.tfa.az/wp-content/plugins/iwjob/includes/class/fields/assets/img/drag_icon.gif]
[ishvar.tfa.az/wp-content/plugins/iwjob/includes/class/fields/assets/css/style37cb.css]
[ishvar.tfa.az/wp-content/plugins/iwjob/assets/css/load37cb.css]
[ishvar.tfa.az/wp-content/plugins/iwjob/assets/img/loading.gif]
[ishvar.tfa.az/wp-content/plugins/iwjob/assets/css/star-rating37cb.css]
[ishvar.tfa.az/wp-content/plugins/iwjob/assets/images/bg_dah_employer_detail.png]
[ishvar.tfa.az/wp-content/plugins/iwjob/assets/images/featured.png]
[ishvar.tfa.az/wp-content/plugins/iwjob/assets/img/job-featured.png]
[ishvar.tfa.az/wp-content/plugins/iwjob/assets/images/bg-category.png]
[ishvar.tfa.az/wp-content/plugins/iwjob/assets/images/bg-category-hover.png]
[ishvar.tfa.az/wp-content/plugins/iwjob/assets/images/bg-cat.png]
[ishvar.tfa.az/wp-content/plugins/iwjob/assets/img/bg-overall.jpg]
[ishvar.tfa.az/wp-content/plugins/iwjob/assets/img/bg-company.jpg]
[ishvar.tfa.az/wp-content/plugins/iwjob/assets/images/bg-job-list-action-button.png]
[ishvar.tfa.az/wp-content/plugins/iwjob/assets/images/bg-job-list-action-button-active.png]
[ishvar.tfa.az/wp-content/plugins/iwjob/assets/images/bg-arrow-select.png]
[ishvar.tfa.az/wp-content/plugins/iwjob/assets/images/search.png]
[ishvar.tfa.az/wp-content/plugins/iwjob/assets/css/style37cb.css]
[ishvar.tfa.az/wp-content/plugins/revslider/public/assets/css/openhand.cur]
[ishvar.tfa.az/wp-content/plugins/revslider/public/assets/css/closedhand.cur]
[ishvar.tfa.az/wp-content/plugins/revslider/public/assets/assets/gridtile.png]
[ishvar.tfa.az/wp-content/plugins/revslider/public/assets/assets/gridtile_white.png]
[ishvar.tfa.az/wp-content/plugins/revslider/public/assets/assets/gridtile_3x3.png]
[ishvar.tfa.az/wp-content/plugins/revslider/public/assets/assets/gridtile_3x3_white.png]
[ishvar.tfa.az/wp-content/plugins/revslider/public/assets/assets/coloredbg.png]
[ishvar.tfa.az/wp-content/plugins/revslider/public/assets/assets/loader.gif]
[ishvar.tfa.az/wp-content/plugins/revslider/public/assets/css/settings8c43.css]
[ishvar.tfa.az/wp-content/plugins/woocommerce/assets/css/woocommerce-layoutcd45.css]
[ishvar.tfa.az/wp-content/plugins/woocommerce/assets/css/woocommerce-smallscreencd45.css]
[ishvar.tfa.az/wp-content/plugins/woocommerce/assets/css/woocommercecd45.css]
[ishvar.tfa.az/wp-content/plugins/sitepress-multilingual-cms/templates/language-switchers/legacy-list-horizontal/style68b3.css]
[ishvar.tfa.az/wp-content/plugins/sitepress-multilingual-cms/templates/language-switchers/legacy-post-translations/style68b3.css]
[ishvar.tfa.az/wp-content/plugins/woocommerce/assets/css/prettyPhotocd45.css]
[ishvar.tfa.az/wp-content/plugins/yith-woocommerce-wishlist/assets/images/jquery.selectBox-arrow.gif]
[ishvar.tfa.az/wp-content/plugins/yith-woocommerce-wishlist/assets/css/jquery.selectBox7359.css]
[ishvar.tfa.az/wp-content/plugins/yith-woocommerce-wishlist/assets/images/jquery.selectBox-arrow.png]
[ishvar.tfa.az/wp-content/plugins/yith-woocommerce-wishlist/assets/images/facebook.png]
[ishvar.tfa.az/wp-content/plugins/yith-woocommerce-wishlist/assets/images/twitter.png]
[ishvar.tfa.az/wp-content/plugins/yith-woocommerce-wishlist/assets/images/pinterest.jpg]
[ishvar.tfa.az/wp-content/plugins/yith-woocommerce-wishlist/assets/images/googleplus.jpg]
[ishvar.tfa.az/wp-content/plugins/yith-woocommerce-wishlist/assets/images/email.jpg]
[ishvar.tfa.az/wp-content/plugins/yith-woocommerce-wishlist/assets/css/style605a.css]
[ishvar.tfa.az/wp-content/plugins/yith-woocommerce-wishlist/assets/css/font-awesome.min1849.css]
[ishvar.tfa.az/wp-content/themes/injob/assets/css/bootstrap.min5b0a.css]
[ishvar.tfa.az/wp-content/plugins/js_composer/assets/lib/bower/font-awesome/css/font-awesome.min8b06.css]
[ishvar.tfa.az/wp-content/themes/injob/assets/fonts/ionicons/ionicons28b5.eot]
[ishvar.tfa.az/wp-content/themes/injob/assets/fonts/ionicons/ionicons28b5.ttf]
[ishvar.tfa.az/wp-content/themes/injob/assets/fonts/ionicons/ionicons28b5.woff]
[ishvar.tfa.az/wp-content/themes/injob/assets/fonts/ionicons/ionicons.min5b0a.css]
[ishvar.tfa.az/wp-content/themes/injob/assets/fonts/iwj/css/fontello5b0a.css]
[ishvar.tfa.az/wp-content/plugins/woocommerce/assets/css/select2cd45.css]
[ishvar.tfa.az/wp-content/themes/injob/assets/images/bg-slider-handle.png]
[ishvar.tfa.az/wp-content/themes/injob/assets/css/woocommerce5b0a.css]
[ishvar.tfa.az/wp-content/themes/injob/assets/css/grabbing.png]
[ishvar.tfa.az/wp-content/themes/injob/assets/css/owl.carousel5b0a.css]
[ishvar.tfa.az/wp-content/themes/injob/assets/css/AjaxLoader.gif]
[ishvar.tfa.az/wp-content/themes/injob/assets/css/owl.theme5b0a.css]
[ishvar.tfa.az/wp-content/themes/injob/assets/css/owl.transitions5b0a.css]
[ishvar.tfa.az/wp-content/themes/injob/assets/css/animation5b0a.css]
[ishvar.tfa.az/wp-content/themes/injob/assets/images/404_bg.jpg]
[ishvar.tfa.az/wp-content/themes/injob/style37cb.css]
[ishvar.tfa.az/wp-content/uploads/injob/color-2980b95b0a.css]
[ishvar.tfa.az/wp-content/plugins/js_composer/assets/vc/alert.png]
[ishvar.tfa.az/wp-content/plugins/js_composer/assets/vc/info.png]
[ishvar.tfa.az/wp-content/plugins/js_composer/assets/vc/tick.png]
[ishvar.tfa.az/wp-content/plugins/js_composer/assets/vc/exclamation.png]
[ishvar.tfa.az/wp-content/plugins/js_composer/assets/images/icons/address-book.png]
[ishvar.tfa.az/wp-content/plugins/js_composer/assets/images/icons/alarm-clock.png]
[ishvar.tfa.az/wp-content/plugins/js_composer/assets/images/icons/anchor.png]
[ishvar.tfa.az/wp-content/plugins/js_composer/assets/images/icons/application-image.png]
[ishvar.tfa.az/wp-content/plugins/js_composer/assets/images/icons/arrow.png]
[ishvar.tfa.az/wp-content/plugins/js_composer/assets/images/icons/asterisk.png]
[ishvar.tfa.az/wp-content/plugins/js_composer/assets/images/icons/auction-hammer.png]
[ishvar.tfa.az/wp-content/plugins/js_composer/assets/images/icons/balloon.png]
[ishvar.tfa.az/wp-content/plugins/js_composer/assets/images/icons/balloon-buzz.png]
[ishvar.tfa.az/wp-content/plugins/js_composer/assets/images/icons/balloon-facebook.png]
[ishvar.tfa.az/wp-content/plugins/js_composer/assets/images/icons/balloon-twitter.png]
[ishvar.tfa.az/wp-content/plugins/js_composer/assets/images/icons/battery-full.png]
[ishvar.tfa.az/wp-content/plugins/js_composer/assets/images/icons/binocular.png]
[ishvar.tfa.az/wp-content/plugins/js_composer/assets/images/icons/blue-document-excel.png]
[ishvar.tfa.az/wp-content/plugins/js_composer/assets/images/icons/blue-document-image.png]
[ishvar.tfa.az/wp-content/plugins/js_composer/assets/images/icons/blue-document-music.png]
[ishvar.tfa.az/wp-content/plugins/js_composer/assets/images/icons/blue-document-office.png]
[ishvar.tfa.az/wp-content/plugins/js_composer/assets/images/icons/blue-document-pdf.png]
[ishvar.tfa.az/wp-content/plugins/js_composer/assets/images/icons/blue-document-powerpoint.png]
[ishvar.tfa.az/wp-content/plugins/js_composer/assets/images/icons/blue-document-word.png]
[ishvar.tfa.az/wp-content/plugins/js_composer/assets/images/icons/bookmark.png]
[ishvar.tfa.az/wp-content/plugins/js_composer/assets/images/icons/camcorder.png]
[ishvar.tfa.az/wp-content/plugins/js_composer/assets/images/icons/camera.png]
[ishvar.tfa.az/wp-content/plugins/js_composer/assets/images/icons/chart.png]
[ishvar.tfa.az/wp-content/plugins/js_composer/assets/images/icons/chart-pie.png]
[ishvar.tfa.az/wp-content/plugins/js_composer/assets/images/icons/clock.png]
[ishvar.tfa.az/wp-content/plugins/js_composer/assets/images/icons/control.png]
[ishvar.tfa.az/wp-content/plugins/js_composer/assets/images/icons/fire.png]
[ishvar.tfa.az/wp-content/plugins/js_composer/assets/images/icons/heart.png]
[ishvar.tfa.az/wp-content/plugins/js_composer/assets/images/icons/mail.png]
[ishvar.tfa.az/wp-content/plugins/js_composer/assets/images/icons/plus-shield.png]
[ishvar.tfa.az/wp-content/plugins/js_composer/assets/images/icons/video.png]
[ishvar.tfa.az/wp-content/plugins/js_composer/assets/images/toggle_open.png]
[ishvar.tfa.az/wp-content/plugins/js_composer/assets/images/toggle_close.png]
[ishvar.tfa.az/wp-content/plugins/js_composer/assets/images/flickr.png]
[ishvar.tfa.az/wp-content/plugins/js_composer/assets/images/spinner.gif]
[ishvar.tfa.az/wp-content/plugins/js_composer/assets/vc/remove.png]
[ishvar.tfa.az/wp-content/plugins/js_composer/assets/css/js_composer.min8b06.css]
[ishvar.tfa.az/index.php/jobs/indexf398.html]
[ishvar.tfa.az/index.php/jobs/indexa123.html]
[ishvar.tfa.az/index.php/jobs/index715e.html]
[ishvar.tfa.az/index.php/jobs/indexcc6d.html]
[ishvar.tfa.az/index.php/jobs/index8031.html]
[ishvar.tfa.az/index.php/jobs/indexbb88.html]
[ishvar.tfa.az/index.php/jobs/indexf546.html]
[ishvar.tfa.az/index.php/jobs/indexebd1.html]
[ishvar.tfa.az/index.php/jobs/indexad4e.html]
[ishvar.tfa.az/index.php/jobs/page/2/index.html]
[ishvar.tfa.az/index.php/jobs/page/3/index.html]
[ishvar.tfa.az/wp-content/plugins/iwjob/includes/class/fields/assets/css/bootstrap-multiselect37cb.css]
[ishvar.tfa.az/wp-content/plugins/iwjob/includes/class/fields/assets/css/taxonomy237cb.css]
[ishvar.tfa.az/wp-content/plugins/iwjob/includes/class/fields/assets/css/select2f39e.css]
[ishvar.tfa.az/wp-content/plugins/iwjob/includes/class/fields/assets/css/select-advanced37cb.css]
[ishvar.tfa.az/wp-content/plugins/iwjob/includes/class/fields/assets/css/select37cb.css]
[ishvar.tfa.az/wp-content/plugins/iwjob/includes/class/applies/assets/linkedin-apply37cb.css]
[ishvar.tfa.az/index.php/employers/page/2/index.html]
[ishvar.az/wp-content/uploads/2017/03/post-image-10-300x249.html]
[ishvar.tfa.az/wp-content/themes/injob/assets/fonts/ionicons/ionicons28b5.svg]
